I'm sorry, but errors were detected in your script. Please correct the
errors listed below, and try again.


File "game/script.rpy", line 839: ATL statement contains two expressions in a row; is one of them a misspelled property? If not, separate them with pass.
    show 0.3
            ^

Ren'Py Version: Ren'Py 8.3.2.24090901
Mon Oct 28 10:22:30 2024
